args:
  workflow:
    arguments: {}
    entrypoint: capact-root
    templates:
    - arguments: {}
      inputs:
        artifacts:
        - name: firstRole
        - name: postgresql
        - name: input-parameters
      metadata: {}
      name: main
      outputs: {}
      steps:
      - - arguments:
            artifacts:
            - from: '{{inputs.artifacts.firstRole}}'
              name: role
            - from: '{{inputs.artifacts.postgresql}}'
              name: postgresql
            - from: '{{inputs.artifacts.input-parameters}}'
              name: input-parameters
          name: change-password
          template: main-change-password-main
    - arguments: {}
      inputs:
        artifacts:
        - name: postgresql
        - name: role
        - name: input-parameters
      metadata: {}
      name: main-change-password-main
      outputs: {}
      steps:
      - - arguments:
            artifacts:
            - name: template
              raw:
                data: |
                  export PGPASSWORD=<@role.password@>
                  PSQL_CMD="psql -h <@postgresql.host@> -U <@role.name@> <@postgresql.defaultDBName@> -c"
                  ${PSQL_CMD} "ALTER ROLE <@role.name@> WITH PASSWORD '<@input.password@>'"

                  cat <<EOF > /role.yml
                  name: <@role.name@>
                  password: <@input.password@>
                  EOF
                  sleep 1
            - from: '{{inputs.artifacts.postgresql}}'
              name: input-parameters
            - name: configuration
              raw:
                data: 'prefix: postgresql'
          name: render-change-password-script
          template: main-change-password-main-render-change-password-script-template
      - - arguments:
            artifacts:
            - from: '{{steps.render-change-password-script.outputs.artifacts.render}}'
              name: template
            - from: '{{inputs.artifacts.role}}'
              name: input-parameters
            - name: configuration
              raw:
                data: 'prefix: role'
          name: fill-params-from-role
          template: main-change-password-main-fill-params-from-role-template
      - - arguments:
            artifacts:
            - from: '{{steps.fill-params-from-role.outputs.artifacts.render}}'
              name: template
            - from: '{{inputs.artifacts.input-parameters}}'
              name: input-parameters
            - name: configuration
              raw:
                data: 'prefix: input'
          name: fill-params-from-role-input
          template: main-change-password-main-fill-params-from-role-input-template
      - - arguments:
            artifacts:
            - from: '{{steps.fill-params-from-role-input.outputs.artifacts.render}}'
              name: script
          name: change-password
          template: main-change-password-change-password
      - - arguments:
            artifacts:
            - from: '{{steps.change-password.outputs.artifacts.role}}'
              name: role
          name: output-role
          template: output-main-change-password-role
    - arguments: {}
      container:
        args:
        - /template.yml
        - /values.yml
        - --format=yaml
        - -o
        - /render.yml
        image: gcr.io/projectvoltron/jinja2:v2.11.2
        name: ""
        resources: {}
      inputs:
        artifacts:
        - name: template
          path: /template.yml
        - name: input-parameters
          path: /values.yml
      metadata: {}
      name: main-change-password-main-render-change-password-script-template
      outputs:
        artifacts:
        - name: render
          path: /render.yml
    - arguments: {}
      container:
        args:
        - /template.yml
        - /values.yml
        - --format=yaml
        - -o
        - /render.yml
        image: gcr.io/projectvoltron/jinja2:v2.11.2
        name: ""
        resources: {}
      inputs:
        artifacts:
        - name: template
          path: /template.yml
        - name: input-parameters
          path: /values.yml
      metadata: {}
      name: main-change-password-main-fill-params-from-role-template
      outputs:
        artifacts:
        - name: render
          path: /render.yml
    - arguments: {}
      container:
        args:
        - /template.yml
        - /values.yml
        - --format=yaml
        - -o
        - /render.yml
        image: gcr.io/projectvoltron/jinja2:v2.11.2
        name: ""
        resources: {}
      inputs:
        artifacts:
        - name: template
          path: /template.yml
        - name: input-parameters
          path: /values.yml
      metadata: {}
      name: main-change-password-main-fill-params-from-role-input-template
      outputs:
        artifacts:
        - name: render
          path: /render.yml
    - arguments: {}
      container:
        args:
        - /script.sh
        command:
        - bash
        image: postgres:11
        name: ""
        resources: {}
      inputs:
        artifacts:
        - name: script
          path: /script.sh
      metadata: {}
      name: main-change-password-change-password
      outputs:
        artifacts:
        - name: role
          path: /role.yml
    - arguments: {}
      container:
        args:
        - sleep 1
        command:
        - sh
        - -c
        image: alpine:3.7
        name: ""
        resources: {}
      inputs:
        artifacts:
        - name: role
          path: /typeinstance
      metadata: {}
      name: output-main-change-password-role
      outputs:
        artifacts:
        - globalName: main-change-password-role
          name: role
          path: /typeinstance
    - arguments: {}
      inputs: {}
      metadata: {}
      name: capact-root
      outputs: {}
      steps:
      - - arguments: {}
          name: inject-input-type-instances-uuid-step
          template: inject-input-type-instances-uuid
      - - arguments: {}
          name: inject-runner-context-step
          template: inject-runner-context
      - - arguments: {}
          name: populate-user-input-step
          template: populate-user-input
      - - arguments:
            artifacts:
            - from: '{{steps.populate-user-input-step.outputs.artifacts.input-parameters}}'
              name: input-parameters
            - from: '{{workflow.outputs.artifacts.firstRole}}'
              name: firstRole
            - from: '{{workflow.outputs.artifacts.postgresql}}'
              name: postgresql
          name: start-entrypoint
          template: main
      - - arguments:
            artifacts:
            - from: '{{workflow.outputs.artifacts.main-change-password-role}}'
              name: 6fc7dd6b-d150-4af3-a1aa-a868962b7d68
            - name: payload
              raw:
                data: |
                  - createdBy: default/action
                    id: 6fc7dd6b-d150-4af3-a1aa-a868962b7d68
                    ownerID: default/action
                    typeInstance:
                      attributes: []
          name: upload-update-type-instances-step
          template: upload-update-type-instances
    - arguments: {}
      container:
        args:
        - sleep 1
        command:
        - sh
        - -c
        image: alpine:3.7
        name: ""
        resources: {}
        volumeMounts:
        - mountPath: /output
          name: user-secret-volume
      inputs: {}
      metadata: {}
      name: populate-user-input
      outputs:
        artifacts:
        - name: input-parameters
          path: /output/parameters.json
      volumes:
      - name: user-secret-volume
        secret:
          items:
          - key: parameters.json
            path: parameters.json
          optional: false
          secretName: user-input
    - arguments: {}
      container:
        args:
        - sleep 1
        command:
        - sh
        - -c
        image: alpine:3.7
        name: ""
        resources: {}
        volumeMounts:
        - mountPath: /input
          name: runner-context
          readOnly: true
      inputs: {}
      metadata: {}
      name: inject-runner-context
      outputs:
        artifacts:
        - globalName: runner-context
          name: runner-context
          path: /input/context.yaml
      volumes:
      - name: runner-context
        secret:
          items:
          - key: key
            path: context.yaml
          optional: false
          secretName: secret
    - arguments: {}
      container:
        env:
        - name: APP_ACTION
          value: DownloadAction
        - name: APP_DOWNLOAD_CONFIG
          value: '{6fc7dd6b-d150-4af3-a1aa-a868962b7d68,/firstRole.yaml},{f2421415-b8a4-464b-be12-b617794411c5,/postgresql.yaml}'
        image: alpine:3.7
        name: ""
        resources: {}
      inputs: {}
      metadata: {}
      name: inject-input-type-instances-uuid
      outputs:
        artifacts:
        - globalName: firstRole
          name: firstRole
          path: /firstRole.yaml
        - globalName: postgresql
          name: postgresql
          path: /postgresql.yaml
    - arguments: {}
      container:
        env:
        - name: APP_ACTION
          value: UpdateAction
        - name: APP_UPDATE_CONFIG_PAYLOAD_FILEPATH
          value: /update/payload
        - name: APP_UPDATE_CONFIG_TYPE_INSTANCES_DIR
          value: /update/typeInstances
        image: alpine:3.7
        imagePullPolicy: IfNotPresent
        name: ""
        resources: {}
      inputs:
        artifacts:
        - name: 6fc7dd6b-d150-4af3-a1aa-a868962b7d68
          path: /update/typeInstances/6fc7dd6b-d150-4af3-a1aa-a868962b7d68
        - name: payload
          path: /update/payload
      metadata: {}
      name: upload-update-type-instances
      outputs: {}
runnerInterface: cap.interface.runner.argo.run
