args:
  workflow:
    arguments:
      artifacts:
      - name: input-parameters
        raw:
          data: |
            {}
    entrypoint: main
    templates:
    - arguments: {}
      inputs: {}
      metadata: {}
      name: main
      outputs: {}
      steps:
      - - arguments: {}
          name: second-level
          template: second-level
      - - arguments: {}
          name: imported
          template: main-imported-main
    - arguments: {}
      inputs: {}
      metadata: {}
      name: main-imported-main
      outputs: {}
      steps:
      - - arguments: {}
          name: second-level
          template: main-imported-second-level
    - arguments: {}
      container:
        args:
        - cowsay hello && sleep 2
        command:
        - sh
        - -c
        image: docker/whalesay:latest
        name: ""
        resources: {}
      inputs: {}
      metadata: {}
      name: main-imported-second-level
      outputs: {}
    - arguments: {}
      container:
        args:
        - cowsay hello && sleep 2
        command:
        - sh
        - -c
        image: docker/whalesay:latest
        name: ""
        resources: {}
      inputs: {}
      metadata: {}
      name: second-level
      outputs: {}
runnerInterface: cap.interface.runner.argo.run
